============================= test session starts =============================
platform win32 -- Python 3.12.10, pytest-7.4.3, pluggy-1.6.0
rootdir: C:\Users\grand\work\duel-log-app\backend
configfile: pyproject.toml
testpaths: tests
plugins: anyio-4.11.0, Faker-26.0.0, cov-4.1.0
collected 30 items

tests\test_deck_api.py ........                                          [ 26%]
tests\test_deck_service.py ........                                      [ 53%]
tests\test_statistics_api.py ..............                              [100%]

---------- coverage: platform win32, python 3.12.10-final-0 ----------
Name                                        Stmts   Miss  Cover   Missing
-------------------------------------------------------------------------
app\__init__.py                                 0      0   100%
app\api\deps.py                                32     20    38%   36-56, 74-80
app\api\routers\auth.py                        79     56    29%   54-94, 107-116, 126-183, 191-226
app\api\routers\decks.py                       42      8    81%   68-69, 130, 135-136, 159, 179-180
app\api\routers\duels.py                       56     27    52%   29-37, 63, 91, 114-121, 146-155, 175-178, 200-204, 214, 226-239
app\api\routers\me.py                          19      6    68%   17, 29-32, 46-48
app\api\routers\shared_statistics.py           58     38    34%   32-49, 62-185, 197-201
app\api\routers\statistics.py                  33      0   100%
app\api\routers\users.py                       37     19    49%   22-34, 41-44, 51, 58-65, 72-75
app\auth.py                                     2      0   100%
app\core\config.py                             47      2    96%   77, 87
app\core\exception_handlers.py                 22      9    59%   45-64, 79-87, 100-108
app\core\exceptions\__init__.py                23      4    83%   26, 42, 49, 58
app\core\logging_config.py                     13      1    92%   47
app\core\security.py                           32     16    50%   26, 41-43, 75-94, 107-113
app\db\__init__.py                              1      0   100%
app\db\seed.py                                 89     89     0%   1-165
app\db\session.py                              16      6    62%   11, 13, 25-29
app\main.py                                    69     26    62%   44, 74-91, 105-119, 126-134, 158, 164
app\models\__init__.py                         10      0   100%
app\models\deck.py                             18      0   100%
app\models\duel.py                             24      0   100%
app\models\password_reset_token.py             17      1    94%   34
app\models\sharedUrl.py                        16      0   100%
app\models\shared_statistics.py                15      0   100%
app\models\user.py                             21      0   100%
app\schemas\__init__.py                         3      0   100%
app\schemas\auth.py                            17      0   100%
app\schemas\deck.py                            25      0   100%
app\schemas\duel.py                            74     20    73%   38, 44-49, 55-60, 66-71, 105
app\schemas\shared_statistics.py               16      0   100%
app\schemas\user.py                            20      0   100%
app\services\base\__init__.py                   2      0   100%
app\services\base\base_service.py              45      6    87%   70-75, 124, 150
app\services\deck_service.py                   47      9    81%   126, 156-162, 170-175
app\services\duel_service.py                   50     32    36%   49-65, 84, 103-115, 121-153
app\services\shared_statistics_service.py      27     13    52%   24-40, 46, 59-71
app\services\statistics_service.py            125     69    45%   31-52, 82-98, 124-141, 183-190, 195-198, 222, 245-256, 262, 275-324, 339-376
app\services\user_service.py                   41     28    32%   22-40, 47-69
-------------------------------------------------------------------------
TOTAL                                        1283    505    61%
Coverage HTML written to dir htmlcov


============================= 30 passed in 7.72s ==============================

> duel-log-frontend@0.0.0 test:unit
> vitest run


[1m[46m RUN [49m[22m [36mv3.2.4 [39m[90mC:/Users/grand/work/duel-log-app/frontend[39m

 [32m笨・[39m src/components/layout/__tests__/AppBar.test.ts [2m([22m[2m1 test[22m[2m)[22m[32m 3[2mms[22m[39m
 [32m笨・[39m src/services/__tests__/api.test.ts [2m([22m[2m1 test[22m[2m)[22m[32m 4[2mms[22m[39m
 [32m笨・[39m src/utils/__tests__/ranks.test.ts [2m([22m[2m5 tests[22m[2m)[22m[32m 4[2mms[22m[39m
 [32m笨・[39m src/utils/__tests__/maskEmail.test.ts [2m([22m[2m12 tests[22m[2m)[22m[32m 6[2mms[22m[39m
 [32m笨・[39m src/stores/__tests__/notification.test.ts [2m([22m[2m8 tests[22m[2m)[22m[32m 23[2mms[22m[39m
 [32m笨・[39m src/stores/__tests__/loading.test.ts [2m([22m[2m7 tests[22m[2m)[22m[32m 10[2mms[22m[39m
 [32m笨・[39m src/stores/__tests__/shared_statistics.test.ts [2m([22m[2m7 tests[22m[2m)[22m[32m 23[2mms[22m[39m
 [32m笨・[39m src/stores/__tests__/auth.test.ts [2m([22m[2m4 tests[22m[2m)[22m[32m 16[2mms[22m[39m
 [32m笨・[39m src/router/__tests__/index.test.ts [2m([22m[2m4 tests[22m[2m)[22m[32m 8[2mms[22m[39m
 [32m笨・[39m src/router/__tests__/router.test.ts [2m([22m[2m1 test[22m[2m)[22m[32m 3[2mms[22m[39m
 [32m笨・[39m src/App.test.ts [2m([22m[2m2 tests[22m[2m)[22m[32m 104[2mms[22m[39m
 [32m笨・[39m src/components/common/__tests__/LoadingOverlay.test.ts [2m([22m[2m2 tests[22m[2m)[22m[32m 160[2mms[22m[39m
 [32m笨・[39m src/components/common/__tests__/ToastNotification.test.ts [2m([22m[2m4 tests[22m[2m)[22m[32m 161[2mms[22m[39m
 [32m笨・[39m src/components/duel/__tests__/StatCard.test.ts [2m([22m[2m4 tests[22m[2m)[22m[32m 236[2mms[22m[39m
 [32m笨・[39m src/views/__tests__/StatisticsView.test.ts [2m([22m[2m1 test[22m[2m)[22m[33m 583[2mms[22m[39m
   [33m[2m笨・[22m[39m StatisticsView.vue[2m > [22mrenders correctly and fetches statistics on mount [33m 581[2mms[22m[39m
 [32m笨・[39m src/views/__tests__/LoginView.test.ts [2m([22m[2m5 tests[22m[2m)[22m[33m 691[2mms[22m[39m
 [32m笨・[39m src/views/__tests__/RegisterView.test.ts [2m([22m[2m5 tests[22m[2m)[22m[33m 817[2mms[22m[39m
 [32m笨・[39m src/components/duel/__tests__/DuelTable.test.ts [2m([22m[2m7 tests[22m[2m)[22m[33m 1077[2mms[22m[39m
   [33m[2m笨・[22m[39m DuelTable.vue[2m > [22mrenders duel data correctly [33m 327[2mms[22m[39m
 [32m笨・[39m src/views/__tests__/SharedStatisticsView.test.ts [2m([22m[2m4 tests[22m[2m)[22m[33m 687[2mms[22m[39m
   [33m[2m笨・[22m[39m SharedStatisticsView.vue[2m > [22mrenders correctly with a simple app bar [33m 326[2mms[22m[39m
 [32m笨・[39m src/views/__tests__/DashboardView.test.ts [2m([22m[2m3 tests[22m[2m)[22m[33m 1076[2mms[22m[39m
   [33m[2m笨・[22m[39m DashboardView.vue[2m > [22mrenders the dashboard view [33m 472[2mms[22m[39m
   [33m[2m笨・[22m[39m DashboardView.vue[2m > [22mopens the ShareStatsDialog when the "蜈ｱ譛峨Μ繝ｳ繧ｯ繧堤函謌・ button is clicked (PC) [33m 350[2mms[22m[39m
 [32m笨・[39m src/views/__tests__/ProfileView.test.ts [2m([22m[2m3 tests[22m[2m)[22m[33m 895[2mms[22m[39m
   [33m[2m笨・[22m[39m ProfileView.vue[2m > [22mrenders correctly [33m 474[2mms[22m[39m
 [32m笨・[39m src/views/__tests__/DecksView.test.ts [2m([22m[2m8 tests[22m[2m)[22m[33m 1300[2mms[22m[39m
   [33m[2m笨・[22m[39m DecksView.vue[2m > [22mrenders correctly and fetches decks on mount [33m 305[2mms[22m[39m
 [32m笨・[39m src/components/duel/__tests__/DuelFormDialog.test.ts [2m([22m[2m5 tests[22m[2m)[22m[33m 1413[2mms[22m[39m
   [33m[2m笨・[22m[39m DuelFormDialog.vue[2m > [22mrenders with required props [33m 576[2mms[22m[39m
   [33m[2m笨・[22m[39m DuelFormDialog.vue[2m > [22mhas fullscreen mode on mobile [33m 307[2mms[22m[39m
 [32m笨・[39m src/components/common/__tests__/ShareStatsDialog.test.ts [2m([22m[2m7 tests[22m[2m)[22m[33m 1700[2mms[22m[39m
   [33m[2m笨・[22m[39m ShareStatsDialog.vue[2m > [22mopens when modelValue is true [33m 448[2mms[22m[39m

[2m Test Files [22m [1m[32m24 passed[39m[22m[90m (24)[39m
[2m      Tests [22m [1m[32m110 passed[39m[22m[90m (110)[39m
[2m   Start at [22m 21:48:20
[2m   Duration [22m 13.46s[2m (transform 14.74s, setup 9.59s, collect 110.92s, tests 11.00s, environment 63.27s, prepare 9.70s)[22m

	
